../Core/Src/main.c:68:6:writeEeprom	32	static
../Core/Src/main.c:78:9:readEeprom	32	static
../Core/Src/main.c:89:6:writeEeprom2	32	static
../Core/Src/main.c:94:9:readEeprom2	40	static
../Core/Src/main.c:101:6:writeEeprom4Byte	24	static
../Core/Src/main.c:115:10:readEeprom4Byte	24	static
../Core/Src/main.c:132:5:main	8	static
../Core/Src/main.c:193:6:SystemClock_Config	88	static
../Core/Src/main.c:235:13:MX_I2C1_Init	8	static
../Core/Src/main.c:269:13:MX_GPIO_Init	16	static
../Core/Src/main.c:285:6:Error_Handler	4	static,ignoring_inline_asm
