../Core/Src/main.c:71:6:writeEeprom	32	static
../Core/Src/main.c:81:9:readEeprom	32	static
../Core/Src/main.c:92:6:writeEeprom2	32	static
../Core/Src/main.c:97:9:readEeprom2	40	static
../Core/Src/main.c:115:6:writeRtc	40	static
../Core/Src/main.c:121:6:readRtc	32	static
../Core/Src/main.c:127:6:writeEeprom4Byte	24	static
../Core/Src/main.c:141:10:readEeprom4Byte	24	static
../Core/Src/main.c:158:5:main	16	static
../Core/Src/main.c:235:6:SystemClock_Config	88	static
../Core/Src/main.c:277:13:MX_I2C1_Init	8	static
../Core/Src/main.c:311:13:MX_USART1_UART_Init	8	static
../Core/Src/main.c:344:13:MX_GPIO_Init	40	static
../Core/Src/main.c:372:6:Error_Handler	4	static,ignoring_inline_asm
